// Jest Snapshot v1, https://goo.gl/fbAQLP

exports[`BaseTextList renders the component 1`] = `
<div class="base-text-list">
  <div class="base-text-list-group">
    <div class="base-text-list-label">
      Vero eos et accusam
    </div>
    <p class="base-text-list-content base-text-list-content-pre-line">no sea takimata sanctus est Lorem ipsum dolor sit amet.</p>
    <!---->
    <!---->
  </div>
  <div class="base-text-list-group">
    <div class="base-text-list-label">
      Vero eos et accusam
    </div>
    <!---->
    <ul class="base-text-list-content">
      <li>
        Lorem ipsum dolor sit amet
      </li>
      <li>
        Consetetur sadipscing elitr, sed diam nonumy
      </li>
      <li>
        Eirmod tempor invidunt
      </li>
    </ul>
    <!---->
  </div>
  <div class="base-text-list-group">
    <div class="base-text-list-label">
      Vero eos et accusam
    </div>
    <!---->
    <!---->
    <dl class="base-text-list-content">
      <dt class="base-text-list__content-list-item">
        www:
      </dt>
      <dd class="base-text-list__content-list-description base-text-list__content-list-item"><a href="http://base.uni-ak.ac.at" title="http://base.uni-ak.ac.at" class="base-text-list__content-link">
          http://base.uni-ak.ac.at
        </a></dd>
      <dt class="base-text-list__content-list-item">
        email:
      </dt>
      <dd class="base-text-list__content-list-description base-text-list__content-list-item"><a href="mailto:base@uni-ak.ac.at" title="base@uni-ak.ac.at" class="base-text-list__content-link">
          base@uni-ak.ac.at
        </a></dd>
      <dt class="base-text-list__content-list-item">
        Labore:
      </dt>
      <dd class="base-text-list__content-list-description base-text-list__content-list-item">
        Dolore magna aliquyam erat
      </dd>
    </dl>
  </div>
</div>
`;
